// Jest Snapshot v1, https://goo.gl/fbAQLP

exports[`Exemplars with OpenMetrics registry should make histogram with exemplars on multiple buckets 1`] = `
"# HELP counter_exemplar_test help
# TYPE counter_exemplar_test counter
counter_exemplar_test_total{method="get",code="200"} 2 # {traceId="trace_id_test",spanId="span_id_test"} 2 1678654679
# HELP histogram_exemplar_test test
# TYPE histogram_exemplar_test histogram
histogram_exemplar_test_bucket{le="0.005",method="get",code="200"} 0
histogram_exemplar_test_bucket{le="0.01",method="get",code="200"} 1 # {traceId="trace_id_test_1",spanId="span_id_test_1"} 0.007 1678654679
histogram_exemplar_test_bucket{le="0.025",method="get",code="200"} 1
histogram_exemplar_test_bucket{le="0.05",method="get",code="200"} 1
histogram_exemplar_test_bucket{le="0.1",method="get",code="200"} 1
histogram_exemplar_test_bucket{le="0.25",method="get",code="200"} 1
histogram_exemplar_test_bucket{le="0.5",method="get",code="200"} 2 # {traceId="trace_id_test_2",spanId="span_id_test_2"} 0.4 1678654679
histogram_exemplar_test_bucket{le="1",method="get",code="200"} 2
histogram_exemplar_test_bucket{le="2.5",method="get",code="200"} 2
histogram_exemplar_test_bucket{le="5",method="get",code="200"} 2
histogram_exemplar_test_bucket{le="10",method="get",code="200"} 2
histogram_exemplar_test_bucket{le="+Inf",method="get",code="200"} 3 # {traceId="trace_id_test_3",spanId="span_id_test_3"} 11 1678654679
histogram_exemplar_test_sum{method="get",code="200"} 11.407
histogram_exemplar_test_count{method="get",code="200"} 3
# EOF
"
`;
